Hello from Peel FS test!